<html>
<body>
<pre>
<h1>µVision Build Log</h1>
<h2>Tool Versions:</h2>
IDE-Version: ¦ÌVision V5.18.0.0
Copyright (C) 2016 ARM Ltd and ARM Germany GmbH. All rights reserved.
License Information: xml Xml1294860412@outlook.com, xml, LIC=BL28G-VRXBE-XCYJ0-BTW3V-P81HR-WPFX2
 
Tool Versions:
Toolchain:       MDK-ARM Professional  Version: 5.18
Toolchain Path:  D:\Program Files\Keil_v5\ARM\ARMCC\Bin
C Compiler:      Armcc.exe V5.06 update 1 (build 61)
Assembler:       Armasm.exe V5.06 update 1 (build 61)
Linker/Locator:  ArmLink.exe V5.06 update 1 (build 61)
Library Manager: ArmAr.exe V5.06 update 1 (build 61)
Hex Converter:   FromElf.exe V5.06 update 1 (build 61)
CPU DLL:         SARMCM3.DLL V5.18
Dialog DLL:      DCM.DLL V1.13.6.0
Target DLL:      UL2CM3.DLL V1.157.5.0
Dialog DLL:      TCM.DLL V1.14.8.0
 
<h2>Project:</h2>
E:\2023auto-car\MCU\code\MDK-ARM\code.uvprojx
Project File Date:  07/07/2023

<h2>Output:</h2>
*** Using Compiler 'V5.06 update 1 (build 61)', folder: 'D:\Program Files\Keil_v5\ARM\ARMCC\Bin'
Build target 'code'
assembling startup_stm32h743xx.s...
compiling stm32h7xx_it.c...
compiling stm32h7xx_hal_hsem.c...
compiling stm32h7xx_hal_dac_ex.c...
compiling dma.c...
compiling stm32h7xx_hal_msp.c...
compiling stm32h7xx_hal_gpio.c...
compiling stm32h7xx_hal_mdma.c...
compiling stm32h7xx_hal_dac.c...
compiling spi.c...
compiling main.c...
compiling gpio.c...
compiling stm32h7xx_hal_cortex.c...
compiling tim.c...
compiling stm32h7xx_hal_flash_ex.c...
compiling usart.c...
compiling stm32h7xx_hal_pwr.c...
compiling dac.c...
compiling stm32h7xx_hal_dma_ex.c...
compiling fdcan.c...
compiling stm32h7xx_hal_flash.c...
compiling stm32h7xx_hal_rcc.c...
compiling stm32h7xx_hal_rcc_ex.c...
compiling stm32h7xx_hal_dma.c...
compiling stm32h7xx_hal_i2c_ex.c...
compiling stm32h7xx_hal.c...
compiling stm32h7xx_hal_uart_ex.c...
compiling stm32h7xx_hal_spi_ex.c...
compiling stm32h7xx_hal_spi.c...
compiling stm32h7xx_hal_exti.c...
compiling system_stm32h7xx.c...
compiling stm32h7xx_hal_tim_ex.c...
compiling stm32h7xx_hal_pwr_ex.c...
compiling stm32h7xx_hal_fdcan.c...
compiling stm32h7xx_hal_uart.c...
compiling stm32h7xx_hal_i2c.c...
compiling stm32h7xx_hal_tim.c...
linking...
Program Size: Code=27968 RO-data=852 RW-data=36 ZI-data=2116  
FromELF: creating hex file...
"code\code.axf" - 0 Error(s), 0 Warning(s).

<h2>Collection of Component include folders:</h2>
  E:\2023auto-car\MCU\code\MDK-ARM\RTE
  D:\Program Files\Keil_v5\ARM\PACK\Keil\STM32H7xx_DFP\3.1.0\Drivers\CMSIS\Device\ST\STM32H7xx\Include

<h2>Collection of Component Files used:</h2>
Build Time Elapsed:  00:00:19
</pre>
</body>
</html>
